Expect [replaced], [replaced], [replaced] caseinsensitive.txt