Keep [FIELD] Expect [replaced] Keep [field] emptyflags.txt