Keep [FIELD] Expect [replaced] Expect [replaced] noflags.txt
Keep [OTHER] Expect [ok123] Expect [ok456]